
          -------------------------------------------------------
          Amber 14 SANDER                              2014
          -------------------------------------------------------

| Run on 03/18/2018 at 11:56:49

|   Executable path: sander
| Working directory: /mnt/sda2/Dropbox/PhD/Programy/Python/QChemTool/tests/MD/NM_Geom_FFopt2
|          Hostname: Unknown
  [-O]verwriting output

File Assignments:
|  MDIN: 01_Min.in                                                             
| MDOUT: 01_Min.out                                                            
|INPCRD: nab_input.inpcrd                                                      
|  PARM: nab_input.prmtop                                                      
|RESTRT: 01_Min.rst                                                            
|  REFC: refc                                                                  
| MDVEL: mdvel                                                                 
| MDFRC: mdfrc                                                                 
|  MDEN: mden                                                                  
| MDCRD: 01_Min.mdcrd                                                          
|MDINFO: 01_Min.mdinfo                                                         
|  MTMD: mtmd                                                                  
|INPDIP: inpdip                                                                
|RSTDIP: rstdip                                                                
|INPTRA: inptraj                                                               


 Here is the input file:

minimize                                                                       
 &cntrl                                                                        
  imin=1,                                                                      
  ntb=0,                                                                       
  ntx=1,                                                                       
  irest=0,                                                                     
  maxcyc=10000,                                                                
  ncyc=4000,                                                                   
  ntpr=100,                                                                    
  ntwx=10,                                                                     
  cut=999.0,                                                                   
 /                                                                             

--------------------------------------------------------------------------------
   1.  RESOURCE   USE: 
--------------------------------------------------------------------------------

| Flags:                                                                        
|    NONPERIODIC   ntb=0 and igb=0: Setting up nonperiodic simulation
|  *** cutoff > system size, list only builds once
|Largest sphere to fit in unit cell has radius =    31.728
| New format PARM file being parsed.
| Version =    1.000 Date = 03/18/18 Time = 11:56:48
 NATOM  =     330 NTYPES =       2 NBONH =       0 MBONA  =     390
 NTHETH =       0 MTHETA =     900 NPHIH =       0 MPHIA  =    3126
 NHPARM =       0 NPARM  =       0 NNB   =    2998 NRES   =       1
 NBONA  =     390 NTHETA =     900 NPHIA =    3126 NUMBND =       5
 NUMANG =      10 NPTRA  =       8 NATYP =       4 NPHB   =       0
 IFBOX  =       0 NMXRS  =     330 IFCAP =       0 NEXTRA =       0
 NCOPY  =       0


|     Memory Use     Allocated
|     Real               30567
|     Hollerith            993
|     Integer           174685
|     Max Pairs          54285
|     nblistReal          3960
|     nblist Int       1528485
|       Total             7138 kbytes

| Note: 1-4 EEL scale factors are being read from the topology file.

| Note: 1-4 VDW scale factors are being read from the topology file.
| Duplicated    0 dihedrals
| Duplicated    0 dihedrals

--------------------------------------------------------------------------------
   2.  CONTROL  DATA  FOR  THE  RUN
--------------------------------------------------------------------------------

FGR                                                                             

General flags:
     imin    =       1, nmropt  =       0

Nature and format of input:
     ntx     =       1, irest   =       0, ntrx    =       1

Nature and format of output:
     ntxo    =       1, ntpr    =     100, ntrx    =       1, ntwr    =     500
     iwrap   =       0, ntwx    =      10, ntwv    =       0, ntwe    =       0
     ioutfm  =       0, ntwprt  =       0, idecomp =       0, rbornstat=      0

Potential function:
     ntf     =       1, ntb     =       0, igb     =       0, nsnb    =      25
     ipol    =       0, gbsa    =       0, iesp    =       0
     dielc   =   1.00000, cut     = 999.00000, intdiel =   1.00000

Frozen or restrained atoms:
     ibelly  =       0, ntr     =       0

Energy minimization:
     maxcyc  =   10000, ncyc    =    4000, ntmin   =       1
     dx0     =   0.01000, drms    =   0.00010
|  INFO: Old style inpcrd file read


--------------------------------------------------------------------------------
   3.  ATOMIC COORDINATES AND VELOCITIES
--------------------------------------------------------------------------------

FGR                                                                             
 begin time read from input coords =     0.000 ps

 Number of triangulated 3-point waters found:        0

     Sum of charges from parm topology file =  -0.00000002
     Forcing neutrality...

--------------------------------------------------------------------------------
   4.  RESULTS
--------------------------------------------------------------------------------

 ---------------------------------------------------

     eedmeth=4: Setting switch to one everywhere

 ---------------------------------------------------
| Local SIZE OF NONBOND LIST =      51288
| TOTAL SIZE OF NONBOND LIST =      51288


   NSTEP       ENERGY          RMS            GMAX         NAME    NUMBER
      1       2.3074E+03     2.4137E+01     8.4969E+01     C1          1

 BOND    =      768.9183  ANGLE   =      458.8334  DIHED      =      686.2505
 VDWAALS =      290.9881  EEL     =       13.3706  HBOND      =        0.0000
 1-4 VDW =      226.0755  1-4 EEL =     -137.0145  RESTRAINT  =        0.0000


   NSTEP       ENERGY          RMS            GMAX         NAME    NUMBER
    100       2.0264E+03     4.6143E-01     1.5338E+00     C149      328

 BOND    =      400.0565  ANGLE   =      334.4667  DIHED      =      681.8323
 VDWAALS =      423.4371  EEL     =       14.8712  HBOND      =        0.0000
 1-4 VDW =      309.9144  1-4 EEL =     -138.1716  RESTRAINT  =        0.0000


   NSTEP       ENERGY          RMS            GMAX         NAME    NUMBER
    200       2.0217E+03     7.0584E-02     1.7865E-01     C64       149

 BOND    =      355.9445  ANGLE   =      318.5636  DIHED      =      682.3909
 VDWAALS =      460.0638  EEL     =       15.4061  HBOND      =        0.0000
 1-4 VDW =      328.0322  1-4 EEL =     -138.6761  RESTRAINT  =        0.0000


   NSTEP       ENERGY          RMS            GMAX         NAME    NUMBER
    300       2.0216E+03     3.6192E-02     1.6175E-01     C76       175

 BOND    =      350.1187  ANGLE   =      316.3066  DIHED      =      682.4718
 VDWAALS =      465.4068  EEL     =       15.4850  HBOND      =        0.0000
 1-4 VDW =      330.5927  1-4 EEL =     -138.7523  RESTRAINT  =        0.0000


   NSTEP       ENERGY          RMS            GMAX         NAME    NUMBER
    400       2.0216E+03     3.8354E-03     1.3352E-02     C69       157

 BOND    =      349.2952  ANGLE   =      315.9227  DIHED      =      682.4764
 VDWAALS =      466.2341  EEL     =       15.4973  HBOND      =        0.0000
 1-4 VDW =      330.9645  1-4 EEL =     -138.7649  RESTRAINT  =        0.0000


   NSTEP       ENERGY          RMS            GMAX         NAME    NUMBER
    500       2.0216E+03     2.6389E-03     1.1424E-02     F172       16

 BOND    =      349.1651  ANGLE   =      315.8596  DIHED      =      682.4708
 VDWAALS =      466.3840  EEL     =       15.4997  HBOND      =        0.0000
 1-4 VDW =      331.0127  1-4 EEL =     -138.7674  RESTRAINT  =        0.0000


   NSTEP       ENERGY          RMS            GMAX         NAME    NUMBER
    600       2.0216E+03     3.3852E-03     1.1606E-02     C138      305

 BOND    =      349.1535  ANGLE   =      315.8360  DIHED      =      682.4658
 VDWAALS =      466.4229  EEL     =       15.5004  HBOND      =        0.0000
 1-4 VDW =      331.0138  1-4 EEL =     -138.7683  RESTRAINT  =        0.0000


   NSTEP       ENERGY          RMS            GMAX         NAME    NUMBER
    700       2.0216E+03     2.4196E-03     8.6821E-03     C76       175

 BOND    =      349.1498  ANGLE   =      315.8319  DIHED      =      682.4616
 VDWAALS =      466.4403  EEL     =       15.5007  HBOND      =        0.0000
 1-4 VDW =      331.0082  1-4 EEL =     -138.7688  RESTRAINT  =        0.0000


   NSTEP       ENERGY          RMS            GMAX         NAME    NUMBER
    800       2.0216E+03     3.0666E-03     1.3405E-02     C76       175

 BOND    =      349.1569  ANGLE   =      315.8206  DIHED      =      682.4589
 VDWAALS =      466.4515  EEL     =       15.5009  HBOND      =        0.0000
 1-4 VDW =      331.0039  1-4 EEL =     -138.7691  RESTRAINT  =        0.0000


   NSTEP       ENERGY          RMS            GMAX         NAME    NUMBER
    900       2.0216E+03     2.5758E-03     1.0253E-02     C119      267

 BOND    =      349.1554  ANGLE   =      315.8204  DIHED      =      682.4564
 VDWAALS =      466.4597  EEL     =       15.5011  HBOND      =        0.0000
 1-4 VDW =      330.9999  1-4 EEL =     -138.7694  RESTRAINT  =        0.0000


   NSTEP       ENERGY          RMS            GMAX         NAME    NUMBER
   1000       2.0216E+03     2.1474E-03     8.7161E-03     C119      267

 BOND    =      349.1607  ANGLE   =      315.8131  DIHED      =      682.4549
 VDWAALS =      466.4657  EEL     =       15.5012  HBOND      =        0.0000
 1-4 VDW =      330.9974  1-4 EEL =     -138.7696  RESTRAINT  =        0.0000


   NSTEP       ENERGY          RMS            GMAX         NAME    NUMBER
   1100       2.0216E+03     5.4032E-04     1.7666E-03     C138      305

 BOND    =      349.1606  ANGLE   =      315.8121  DIHED      =      682.4536
 VDWAALS =      466.4703  EEL     =       15.5013  HBOND      =        0.0000
 1-4 VDW =      330.9952  1-4 EEL =     -138.7697  RESTRAINT  =        0.0000


   NSTEP       ENERGY          RMS            GMAX         NAME    NUMBER
   1200       2.0216E+03     3.6725E-04     1.5244E-03     F100      159

 BOND    =      349.1611  ANGLE   =      315.8108  DIHED      =      682.4527
 VDWAALS =      466.4736  EEL     =       15.5014  HBOND      =        0.0000
 1-4 VDW =      330.9936  1-4 EEL =     -138.7698  RESTRAINT  =        0.0000


   NSTEP       ENERGY          RMS            GMAX         NAME    NUMBER
   1300       2.0216E+03     4.0357E-04     1.3577E-03     C76       175

 BOND    =      349.1625  ANGLE   =      315.8087  DIHED      =      682.4520
 VDWAALS =      466.4762  EEL     =       15.5014  HBOND      =        0.0000
 1-4 VDW =      330.9925  1-4 EEL =     -138.7699  RESTRAINT  =        0.0000


   NSTEP       ENERGY          RMS            GMAX         NAME    NUMBER
   1400       2.0216E+03     2.6236E-04     9.2165E-04     F29       307

 BOND    =      349.1625  ANGLE   =      315.8082  DIHED      =      682.4514
 VDWAALS =      466.4781  EEL     =       15.5015  HBOND      =        0.0000
 1-4 VDW =      330.9915  1-4 EEL =     -138.7700  RESTRAINT  =        0.0000


   NSTEP       ENERGY          RMS            GMAX         NAME    NUMBER
   1500       2.0216E+03     3.9672E-04     1.4873E-03     C119      267

 BOND    =      349.1636  ANGLE   =      315.8068  DIHED      =      682.4511
 VDWAALS =      466.4796  EEL     =       15.5015  HBOND      =        0.0000
 1-4 VDW =      330.9909  1-4 EEL =     -138.7700  RESTRAINT  =        0.0000


   NSTEP       ENERGY          RMS            GMAX         NAME    NUMBER
   1600       2.0216E+03     3.3630E-04     1.1867E-03     C134      299

 BOND    =      349.1632  ANGLE   =      315.8069  DIHED      =      682.4507
 VDWAALS =      466.4806  EEL     =       15.5015  HBOND      =        0.0000
 1-4 VDW =      330.9904  1-4 EEL =     -138.7700  RESTRAINT  =        0.0000


                    FINAL RESULTS



   NSTEP       ENERGY          RMS            GMAX         NAME    NUMBER
   1626       2.0216E+03     9.6363E-05     4.2114E-04     F29       307

 BOND    =      349.1636  ANGLE   =      315.8065  DIHED      =      682.4507
 VDWAALS =      466.4809  EEL     =       15.5015  HBOND      =        0.0000
 1-4 VDW =      330.9903  1-4 EEL =     -138.7700  RESTRAINT  =        0.0000

--------------------------------------------------------------------------------
   5.  TIMINGS
--------------------------------------------------------------------------------

|    Read coords time           0.00 ( 0.01% of Total)
|                Build the list             0.00 (91.01% of List )
|                Other                      0.00 ( 8.99% of List )
|             List time                  0.00 ( 0.05% of Nonbo)
|                   Short_ene time             2.67 (99.80% of Direc)
|                   Other                      0.01 ( 0.20% of Direc)
|                Direct Ewald time          2.67 (96.30% of Ewald)
|                Virial junk                0.00 ( 0.01% of Ewald)
|                Start synchronizatio       0.00 ( 0.01% of Ewald)
|                Other                      0.10 ( 3.68% of Ewald)
|             Ewald time                 2.77 (100.0% of Nonbo)
|             Other                      0.00 ( 0.01% of Nonbo)
|          Nonbond force              2.78 (73.79% of Force)
|          Bond/Angle/Dihedral        0.98 (26.17% of Force)
|          Other                      0.00 ( 0.03% of Force)
|       Force time                 3.76 (100.0% of Runmd)
|    Runmd Time                 3.76 (97.44% of Total)
|    Other                      0.10 ( 2.55% of Total)
| Total time                 3.86 (100.0% of ALL  )

| Number of list builds   :          1

| Highest rstack allocated:       1595
| Highest istack allocated:        319
|           Job began  at 11:56:49.040  on 03/18/2018
|           Setup done at 11:56:49.049  on 03/18/2018
|           Run   done at 11:56:52.901  on 03/18/2018
|     wallclock() was called   37433 times
